Copyright 1986-2021 Xilinx, Inc. All Rights Reserved.
-------------------------------------------------------------------------------------------------------------------------------------------
| Tool Version : Vivado v.2021.1 (win64) Build 3247384 Thu Jun 10 19:36:33 MDT 2021
| Date         : Wed Sep 30 11:40:26 2026
| Host         : DESKTOP-SOJQCUU running 64-bit major release  (build 9200)
| Command      : report_timing_summary -file C:/FPGA_BB/fd_bb_conventional_lit/fd_bb_conventional_hls/solution1/post_route_timing_conv.rpt
| Design       : fd_bb_conventional
| Device       : 7z020-clg484
| Speed File   : -1  PRODUCTION 1.12 2019-11-22
-------------------------------------------------------------------------------------------------------------------------------------------

Timing Summary Report

------------------------------------------------------------------------------------------------
| Timer Settings
| --------------
------------------------------------------------------------------------------------------------

  Enable Multi Corner Analysis               :  Yes
  Enable Pessimism Removal                   :  Yes
  Pessimism Removal Resolution               :  Nearest Common Node
  Enable Input Delay Default Clock           :  No
  Enable Preset / Clear Arcs                 :  No
  Disable Flight Delays                      :  No
  Ignore I/O Paths                           :  No
  Timing Early Launch at Borrowing Latches   :  No
  Borrow Time for Max Delay Exceptions       :  Yes
  Merge Timing Exceptions                    :  Yes

  Corner  Analyze    Analyze    
  Name    Max Paths  Min Paths  
  ------  ---------  ---------  
  Slow    Yes        Yes        
  Fast    Yes        Yes        


------------------------------------------------------------------------------------------------
| Report Methodology
| ------------------
------------------------------------------------------------------------------------------------

No report available as report_methodology has not been run prior. Run report_methodology on the current design for the summary of methodology violations.



check_timing report

Table of Contents
-----------------
1. checking no_clock (0)
2. checking constant_clock (0)
3. checking pulse_width_clock (0)
4. checking unconstrained_internal_endpoints (0)
5. checking no_input_delay (130)
6. checking no_output_delay (476)
7. checking multiple_clock (0)
8. checking generated_clocks (0)
9. checking loops (0)
10. checking partial_input_delay (0)
11. checking partial_output_delay (0)
12. checking latch_loops (0)

1. checking no_clock (0)
------------------------
 There are 0 register/latch pins with no clock.


2. checking constant_clock (0)
------------------------------
 There are 0 register/latch pins with constant_clock.


3. checking pulse_width_clock (0)
---------------------------------
 There are 0 register/latch pins which need pulse_width check


4. checking unconstrained_internal_endpoints (0)
------------------------------------------------
 There are 0 pins that are not constrained for maximum delay.

 There are 0 pins that are not constrained for maximum delay due to constant clock.


5. checking no_input_delay (130)
--------------------------------
 There are 130 input ports with no input delay specified. (HIGH)

 There are 0 input ports with no input delay but user has a false path constraint.


6. checking no_output_delay (476)
---------------------------------
 There are 476 ports with no output delay specified. (HIGH)

 There are 0 ports with no output delay but user has a false path constraint

 There are 0 ports with no output delay but with a timing clock defined on it or propagating through it


7. checking multiple_clock (0)
------------------------------
 There are 0 register/latch pins with multiple clocks.


8. checking generated_clocks (0)
--------------------------------
 There are 0 generated clocks that are not connected to a clock source.


9. checking loops (0)
---------------------
 There are 0 combinational loops in the design.


10. checking partial_input_delay (0)
------------------------------------
 There are 0 input ports with partial input delay specified.


11. checking partial_output_delay (0)
-------------------------------------
 There are 0 ports with partial output delay specified.


12. checking latch_loops (0)
----------------------------
 There are 0 combinational latch loops in the design through latch input



------------------------------------------------------------------------------------------------
| Design Timing Summary
| ---------------------
------------------------------------------------------------------------------------------------

    WNS(ns)      TNS(ns)  TNS Failing Endpoints  TNS Total Endpoints      WHS(ns)      THS(ns)  THS Failing Endpoints  THS Total Endpoints     WPWS(ns)     TPWS(ns)  TPWS Failing Endpoints  TPWS Total Endpoints  
    -------      -------  ---------------------  -------------------      -------      -------  ---------------------  -------------------     --------     --------  ----------------------  --------------------  
      0.028        0.000                      0                15267        0.083        0.000                      0                15267        3.750        0.000                       0                  5370  


All user specified timing constraints are met.


------------------------------------------------------------------------------------------------
| Clock Summary
| -------------
------------------------------------------------------------------------------------------------

Clock   Waveform(ns)       Period(ns)      Frequency(MHz)
-----   ------------       ----------      --------------
ap_clk  {0.000 5.000}      10.000          100.000         


------------------------------------------------------------------------------------------------
| Intra Clock Table
| -----------------
------------------------------------------------------------------------------------------------

Clock             WNS(ns)      TNS(ns)  TNS Failing Endpoints  TNS Total Endpoints      WHS(ns)      THS(ns)  THS Failing Endpoints  THS Total Endpoints     WPWS(ns)     TPWS(ns)  TPWS Failing Endpoints  TPWS Total Endpoints  
-----             -------      -------  ---------------------  -------------------      -------      -------  ---------------------  -------------------     --------     --------  ----------------------  --------------------  
ap_clk              0.028        0.000                      0                15267        0.083        0.000                      0                15267        3.750        0.000                       0                  5370  


------------------------------------------------------------------------------------------------
| Inter Clock Table
| -----------------
------------------------------------------------------------------------------------------------

From Clock    To Clock          WNS(ns)      TNS(ns)  TNS Failing Endpoints  TNS Total Endpoints      WHS(ns)      THS(ns)  THS Failing Endpoints  THS Total Endpoints  
----------    --------          -------      -------  ---------------------  -------------------      -------      -------  ---------------------  -------------------  


------------------------------------------------------------------------------------------------
| Other Path Groups Table
| -----------------------
------------------------------------------------------------------------------------------------

Path Group    From Clock    To Clock          WNS(ns)      TNS(ns)  TNS Failing Endpoints  TNS Total Endpoints      WHS(ns)      THS(ns)  THS Failing Endpoints  THS Total Endpoints  
----------    ----------    --------          -------      -------  ---------------------  -------------------      -------      -------  ---------------------  -------------------  


------------------------------------------------------------------------------------------------
| Timing Details
| --------------
------------------------------------------------------------------------------------------------


---------------------------------------------------------------------------------------------------
From Clock:  ap_clk
  To Clock:  ap_clk

Setup :            0  Failing Endpoints,  Worst Slack        0.028ns,  Total Violation        0.000ns
Hold  :            0  Failing Endpoints,  Worst Slack        0.083ns,  Total Violation        0.000ns
PW    :            0  Failing Endpoints,  Worst Slack        3.750ns,  Total Violation        0.000ns
---------------------------------------------------------------------------------------------------


Max Delay Paths
--------------------------------------------------------------------------------------
Slack (MET) :             0.028ns  (required time - arrival time)
  Source:                 tmp_26_reg_9040_reg[3]/C
                            (rising edge-triggered cell FDRE clocked by ap_clk  {rise@0.000ns fall@5.000ns period=10.000ns})
  Destination:            stack_c_fwd_U/ram_reg_1_9/ADDRARDADDR[3]
                            (rising edge-triggered cell RAMB36E1 clocked by ap_clk  {rise@0.000ns fall@5.000ns period=10.000ns})
  Path Group:             ap_clk
  Path Type:              Setup (Max at Slow Process Corner)
  Requirement:            10.000ns  (ap_clk rise@10.000ns - ap_clk rise@0.000ns)
  Data Path Delay:        9.322ns  (logic 1.834ns (19.675%)  route 7.488ns (80.325%))
  Logic Levels:           6  (CARRY4=1 LUT1=1 LUT5=1 LUT6=3)
  Clock Path Skew:        -0.049ns (DCD - SCD + CPR)
    Destination Clock Delay (DCD):    0.924ns = ( 10.924 - 10.000 ) 
    Source Clock Delay      (SCD):    0.973ns
    Clock Pessimism Removal (CPR):    0.000ns
  Clock Uncertainty:      0.035ns  ((TSJ^2 + TIJ^2)^1/2 + DJ) / 2 + PE
    Total System Jitter     (TSJ):    0.071ns
    Total Input Jitter      (TIJ):    0.000ns
    Discrete Jitter          (DJ):    0.000ns
    Phase Error              (PE):    0.000ns

    Location             Delay type                Incr(ns)  Path(ns)    Netlist Resource(s)
  -------------------------------------------------------------------    -------------------
                         (clock ap_clk rise edge)     0.000     0.000 r  
                                                      0.000     0.000 r  ap_clk (IN)
                         net (fo=5373, unset)         0.973     0.973    ap_clk
    SLICE_X75Y22         FDRE                                         r  tmp_26_reg_9040_reg[3]/C
  -------------------------------------------------------------------    -------------------
    SLICE_X75Y22         FDRE (Prop_fdre_C_Q)         0.456     1.429 f  tmp_26_reg_9040_reg[3]/Q
                         net (fo=22, routed)          0.864     2.293    tmp_26_reg_9040_reg[0]
    SLICE_X79Y26         LUT1 (Prop_lut1_I0_O)        0.124     2.417 r  ram_reg_0_0_i_440/O
                         net (fo=1, routed)           0.000     2.417    ram_reg_0_0_i_440_n_0
    SLICE_X79Y26         CARRY4 (Prop_carry4_S[1]_O[2])
                                                      0.580     2.997 r  ram_reg_0_0_i_400/O[2]
                         net (fo=1, routed)           0.434     3.430    stack_c_bwd_U/data15[1]
    SLICE_X79Y25         LUT6 (Prop_lut6_I0_O)        0.302     3.732 r  stack_c_bwd_U/ram_reg_0_0_i_406/O
                         net (fo=1, routed)           0.900     4.632    stack_c_bwd_U/ram_reg_0_0_i_406_n_0
    SLICE_X80Y32         LUT5 (Prop_lut5_I0_O)        0.124     4.756 f  stack_c_bwd_U/ram_reg_0_0_i_238/O
                         net (fo=1, routed)           0.667     5.423    stack_c_bwd_U/ram_reg_0_0_i_238_n_0
    SLICE_X80Y32         LUT6 (Prop_lut6_I2_O)        0.124     5.547 r  stack_c_bwd_U/ram_reg_0_0_i_82/O
                         net (fo=4, routed)           1.114     6.661    stack_c_fwd_U/ram_reg_0_8_16
    SLICE_X79Y47         LUT6 (Prop_lut6_I0_O)        0.124     6.785 r  stack_c_fwd_U/ram_reg_0_8_i_13/O
                         net (fo=16, routed)          3.510    10.295    stack_c_fwd_U/ram_reg_0_8_i_13_n_0
    RAMB36_X5Y26         RAMB36E1                                     r  stack_c_fwd_U/ram_reg_1_9/ADDRARDADDR[3]
  -------------------------------------------------------------------    -------------------

                         (clock ap_clk rise edge)    10.000    10.000 r  
                                                      0.000    10.000 r  ap_clk (IN)
                         net (fo=5373, unset)         0.924    10.924    stack_c_fwd_U/ap_clk
    RAMB36_X5Y26         RAMB36E1                                     r  stack_c_fwd_U/ram_reg_1_9/CLKARDCLK
                         clock pessimism              0.000    10.924    
                         clock uncertainty           -0.035    10.889    
    RAMB36_X5Y26         RAMB36E1 (Setup_ramb36e1_CLKARDCLK_ADDRARDADDR[3])
                                                     -0.566    10.323    stack_c_fwd_U/ram_reg_1_9
  -------------------------------------------------------------------
                         required time                         10.323    
                         arrival time                         -10.295    
  -------------------------------------------------------------------
                         slack                                  0.028    





Min Delay Paths
--------------------------------------------------------------------------------------
Slack (MET) :             0.083ns  (arrival time - required time)
  Source:                 jb_reg_8880_reg[3]/C
                            (rising edge-triggered cell FDRE clocked by ap_clk  {rise@0.000ns fall@5.000ns period=10.000ns})
  Destination:            jobs_buf_U/ram_reg/DIADI[3]
                            (rising edge-triggered cell RAMB36E1 clocked by ap_clk  {rise@0.000ns fall@5.000ns period=10.000ns})
  Path Group:             ap_clk
  Path Type:              Hold (Min at Fast Process Corner)
  Requirement:            0.000ns  (ap_clk rise@0.000ns - ap_clk rise@0.000ns)
  Data Path Delay:        0.259ns  (logic 0.141ns (54.400%)  route 0.118ns (45.600%))
  Logic Levels:           0  
  Clock Path Skew:        0.022ns (DCD - SCD - CPR)
    Destination Clock Delay (DCD):    0.432ns
    Source Clock Delay      (SCD):    0.410ns
    Clock Pessimism Removal (CPR):    -0.000ns

    Location             Delay type                Incr(ns)  Path(ns)    Netlist Resource(s)
  -------------------------------------------------------------------    -------------------
                         (clock ap_clk rise edge)     0.000     0.000 r  
                                                      0.000     0.000 r  ap_clk (IN)
                         net (fo=5373, unset)         0.410     0.410    ap_clk
    SLICE_X33Y37         FDRE                                         r  jb_reg_8880_reg[3]/C
  -------------------------------------------------------------------    -------------------
    SLICE_X33Y37         FDRE (Prop_fdre_C_Q)         0.141     0.551 r  jb_reg_8880_reg[3]/Q
                         net (fo=3, routed)           0.118     0.669    jobs_buf_U/Q[3]
    RAMB36_X2Y7          RAMB36E1                                     r  jobs_buf_U/ram_reg/DIADI[3]
  -------------------------------------------------------------------    -------------------

                         (clock ap_clk rise edge)     0.000     0.000 r  
                                                      0.000     0.000 r  ap_clk (IN)
                         net (fo=5373, unset)         0.432     0.432    jobs_buf_U/ap_clk
    RAMB36_X2Y7          RAMB36E1                                     r  jobs_buf_U/ram_reg/CLKARDCLK
                         clock pessimism              0.000     0.432    
    RAMB36_X2Y7          RAMB36E1 (Hold_ramb36e1_CLKARDCLK_DIADI[3])
                                                      0.155     0.587    jobs_buf_U/ram_reg
  -------------------------------------------------------------------
                         required time                         -0.587    
                         arrival time                           0.669    
  -------------------------------------------------------------------
                         slack                                  0.083    





Pulse Width Checks
--------------------------------------------------------------------------------------
Clock Name:         ap_clk
Waveform(ns):       { 0.000 5.000 }
Period(ns):         10.000
Sources:            { ap_clk }

Check Type        Corner  Lib Pin      Reference Pin  Required(ns)  Actual(ns)  Slack(ns)  Location      Pin
Min Period        n/a     DSP48E1/CLK  n/a            3.884         10.000      6.116      DSP48_X3Y21   mul_32ns_32s_64_2_1_U104/dout_reg/CLK
Low Pulse Width   Slow    RAMD32/CLK   n/a            1.250         5.000       3.750      SLICE_X26Y22  parent_job_mask_U/ram_reg_0_7_0_0/DP/CLK
High Pulse Width  Slow    RAMD32/CLK   n/a            1.250         5.000       3.750      SLICE_X26Y22  parent_job_mask_U/ram_reg_0_7_0_0/DP/CLK



