Copyright 1986-2021 Xilinx, Inc. All Rights Reserved.
----------------------------------------------------------------------------------------------------------------------
| Tool Version : Vivado v.2021.1 (win64) Build 3247384 Thu Jun 10 19:36:33 MDT 2021
| Date         : Wed Sep 30 11:03:20 2026
| Host         : DESKTOP-SOJQCUU running 64-bit major release  (build 9200)
| Command      : report_timing_summary -file C:/FPGA_BB/fd_bb_slbb_lit/fd_bb_slbb_hls/solution1/post_route_timing.rpt
| Design       : fd_bb_slbb
| Device       : 7z020-clg484
| Speed File   : -1  PRODUCTION 1.12 2019-11-22
----------------------------------------------------------------------------------------------------------------------

Timing Summary Report

------------------------------------------------------------------------------------------------
| Timer Settings
| --------------
------------------------------------------------------------------------------------------------

  Enable Multi Corner Analysis               :  Yes
  Enable Pessimism Removal                   :  Yes
  Pessimism Removal Resolution               :  Nearest Common Node
  Enable Input Delay Default Clock           :  No
  Enable Preset / Clear Arcs                 :  No
  Disable Flight Delays                      :  No
  Ignore I/O Paths                           :  No
  Timing Early Launch at Borrowing Latches   :  No
  Borrow Time for Max Delay Exceptions       :  Yes
  Merge Timing Exceptions                    :  Yes

  Corner  Analyze    Analyze    
  Name    Max Paths  Min Paths  
  ------  ---------  ---------  
  Slow    Yes        Yes        
  Fast    Yes        Yes        


------------------------------------------------------------------------------------------------
| Report Methodology
| ------------------
------------------------------------------------------------------------------------------------

No report available as report_methodology has not been run prior. Run report_methodology on the current design for the summary of methodology violations.



check_timing report

Table of Contents
-----------------
1. checking no_clock (0)
2. checking constant_clock (0)
3. checking pulse_width_clock (0)
4. checking unconstrained_internal_endpoints (0)
5. checking no_input_delay (130)
6. checking no_output_delay (454)
7. checking multiple_clock (0)
8. checking generated_clocks (0)
9. checking loops (0)
10. checking partial_input_delay (0)
11. checking partial_output_delay (0)
12. checking latch_loops (0)

1. checking no_clock (0)
------------------------
 There are 0 register/latch pins with no clock.


2. checking constant_clock (0)
------------------------------
 There are 0 register/latch pins with constant_clock.


3. checking pulse_width_clock (0)
---------------------------------
 There are 0 register/latch pins which need pulse_width check


4. checking unconstrained_internal_endpoints (0)
------------------------------------------------
 There are 0 pins that are not constrained for maximum delay.

 There are 0 pins that are not constrained for maximum delay due to constant clock.


5. checking no_input_delay (130)
--------------------------------
 There are 130 input ports with no input delay specified. (HIGH)

 There are 0 input ports with no input delay but user has a false path constraint.


6. checking no_output_delay (454)
---------------------------------
 There are 454 ports with no output delay specified. (HIGH)

 There are 0 ports with no output delay but user has a false path constraint

 There are 0 ports with no output delay but with a timing clock defined on it or propagating through it


7. checking multiple_clock (0)
------------------------------
 There are 0 register/latch pins with multiple clocks.


8. checking generated_clocks (0)
--------------------------------
 There are 0 generated clocks that are not connected to a clock source.


9. checking loops (0)
---------------------
 There are 0 combinational loops in the design.


10. checking partial_input_delay (0)
------------------------------------
 There are 0 input ports with partial input delay specified.


11. checking partial_output_delay (0)
-------------------------------------
 There are 0 ports with partial output delay specified.


12. checking latch_loops (0)
----------------------------
 There are 0 combinational latch loops in the design through latch input



------------------------------------------------------------------------------------------------
| Design Timing Summary
| ---------------------
------------------------------------------------------------------------------------------------

    WNS(ns)      TNS(ns)  TNS Failing Endpoints  TNS Total Endpoints      WHS(ns)      THS(ns)  THS Failing Endpoints  THS Total Endpoints     WPWS(ns)     TPWS(ns)  TPWS Failing Endpoints  TPWS Total Endpoints  
    -------      -------  ---------------------  -------------------      -------      -------  ---------------------  -------------------     --------     --------  ----------------------  --------------------  
      0.421        0.000                      0                10525        0.107        0.000                      0                10525        3.750        0.000                       0                  4476  


All user specified timing constraints are met.


------------------------------------------------------------------------------------------------
| Clock Summary
| -------------
------------------------------------------------------------------------------------------------

Clock   Waveform(ns)       Period(ns)      Frequency(MHz)
-----   ------------       ----------      --------------
ap_clk  {0.000 5.000}      10.000          100.000         


------------------------------------------------------------------------------------------------
| Intra Clock Table
| -----------------
------------------------------------------------------------------------------------------------

Clock             WNS(ns)      TNS(ns)  TNS Failing Endpoints  TNS Total Endpoints      WHS(ns)      THS(ns)  THS Failing Endpoints  THS Total Endpoints     WPWS(ns)     TPWS(ns)  TPWS Failing Endpoints  TPWS Total Endpoints  
-----             -------      -------  ---------------------  -------------------      -------      -------  ---------------------  -------------------     --------     --------  ----------------------  --------------------  
ap_clk              0.421        0.000                      0                10525        0.107        0.000                      0                10525        3.750        0.000                       0                  4476  


------------------------------------------------------------------------------------------------
| Inter Clock Table
| -----------------
------------------------------------------------------------------------------------------------

From Clock    To Clock          WNS(ns)      TNS(ns)  TNS Failing Endpoints  TNS Total Endpoints      WHS(ns)      THS(ns)  THS Failing Endpoints  THS Total Endpoints  
----------    --------          -------      -------  ---------------------  -------------------      -------      -------  ---------------------  -------------------  


------------------------------------------------------------------------------------------------
| Other Path Groups Table
| -----------------------
------------------------------------------------------------------------------------------------

Path Group    From Clock    To Clock          WNS(ns)      TNS(ns)  TNS Failing Endpoints  TNS Total Endpoints      WHS(ns)      THS(ns)  THS Failing Endpoints  THS Total Endpoints  
----------    ----------    --------          -------      -------  ---------------------  -------------------      -------      -------  ---------------------  -------------------  


------------------------------------------------------------------------------------------------
| Timing Details
| --------------
------------------------------------------------------------------------------------------------


---------------------------------------------------------------------------------------------------
From Clock:  ap_clk
  To Clock:  ap_clk

Setup :            0  Failing Endpoints,  Worst Slack        0.421ns,  Total Violation        0.000ns
Hold  :            0  Failing Endpoints,  Worst Slack        0.107ns,  Total Violation        0.000ns
PW    :            0  Failing Endpoints,  Worst Slack        3.750ns,  Total Violation        0.000ns
---------------------------------------------------------------------------------------------------


Max Delay Paths
--------------------------------------------------------------------------------------
Slack (MET) :             0.421ns  (required time - arrival time)
  Source:                 b_surv_tokens_1_U/ram_reg/CLKARDCLK
                            (rising edge-triggered cell RAMB18E1 clocked by ap_clk  {rise@0.000ns fall@5.000ns period=10.000ns})
  Destination:            b_surv_tokens_1_U/ram_reg/ENBWREN
                            (rising edge-triggered cell RAMB18E1 clocked by ap_clk  {rise@0.000ns fall@5.000ns period=10.000ns})
  Path Group:             ap_clk
  Path Type:              Setup (Max at Slow Process Corner)
  Requirement:            10.000ns  (ap_clk rise@10.000ns - ap_clk rise@0.000ns)
  Data Path Delay:        9.052ns  (logic 4.116ns (45.473%)  route 4.936ns (54.527%))
  Logic Levels:           8  (CARRY4=4 LUT3=1 LUT5=1 LUT6=2)
  Clock Path Skew:        -0.049ns (DCD - SCD + CPR)
    Destination Clock Delay (DCD):    0.924ns = ( 10.924 - 10.000 ) 
    Source Clock Delay      (SCD):    0.973ns
    Clock Pessimism Removal (CPR):    0.000ns
  Clock Uncertainty:      0.035ns  ((TSJ^2 + TIJ^2)^1/2 + DJ) / 2 + PE
    Total System Jitter     (TSJ):    0.071ns
    Total Input Jitter      (TIJ):    0.000ns
    Discrete Jitter          (DJ):    0.000ns
    Phase Error              (PE):    0.000ns

    Location             Delay type                Incr(ns)  Path(ns)    Netlist Resource(s)
  -------------------------------------------------------------------    -------------------
                         (clock ap_clk rise edge)     0.000     0.000 r  
                                                      0.000     0.000 r  ap_clk (IN)
                         net (fo=4477, unset)         0.973     0.973    b_surv_tokens_1_U/ap_clk
    RAMB18_X1Y19         RAMB18E1                                     r  b_surv_tokens_1_U/ram_reg/CLKARDCLK
  -------------------------------------------------------------------    -------------------
    RAMB18_X1Y19         RAMB18E1 (Prop_ramb18e1_CLKARDCLK_DOADO[5])
                                                      2.454     3.427 f  b_surv_tokens_1_U/ram_reg/DOADO[5]
                         net (fo=3, routed)           1.109     4.536    b_surv_tokens_1_U/b_surv_tokens_1_q0[5]
    SLICE_X26Y46         LUT3 (Prop_lut3_I0_O)        0.150     4.686 f  b_surv_tokens_1_U/ram_reg_i_70/O
                         net (fo=3, routed)           0.703     5.388    b_surv_tokens_1_U/grp_fd_bb_slbb_Pipeline_VITIS_LOOP_508_16_fu_1282_b_surv_tokens_0_d1[5]
    SLICE_X23Y44         LUT6 (Prop_lut6_I4_O)        0.328     5.716 r  b_surv_tokens_1_U/ap_CS_fsm[3]_i_31/O
                         net (fo=1, routed)           0.474     6.190    b_surv_tokens_1_U/ap_CS_fsm[3]_i_31_n_2
    SLICE_X23Y45         CARRY4 (Prop_carry4_DI[2]_CO[3])
                                                      0.398     6.588 r  b_surv_tokens_1_U/ap_CS_fsm_reg[3]_i_21/CO[3]
                         net (fo=1, routed)           0.000     6.588    b_surv_tokens_1_U/ap_CS_fsm_reg[3]_i_21_n_2
    SLICE_X23Y46         CARRY4 (Prop_carry4_CI_CO[3])
                                                      0.114     6.702 r  b_surv_tokens_1_U/ap_CS_fsm_reg[3]_i_12/CO[3]
                         net (fo=1, routed)           0.000     6.702    b_surv_tokens_1_U/ap_CS_fsm_reg[3]_i_12_n_2
    SLICE_X23Y47         CARRY4 (Prop_carry4_CI_CO[3])
                                                      0.114     6.816 r  b_surv_tokens_1_U/ap_CS_fsm_reg[3]_i_3/CO[3]
                         net (fo=1, routed)           0.000     6.816    b_surv_tokens_1_U/ap_CS_fsm_reg[3]_i_3_n_2
    SLICE_X23Y48         CARRY4 (Prop_carry4_CI_CO[3])
                                                      0.114     6.930 r  b_surv_tokens_1_U/ap_CS_fsm_reg[3]_i_2/CO[3]
                         net (fo=5, routed)           1.368     8.298    grp_fd_bb_slbb_Pipeline_VITIS_LOOP_508_16_fu_1282/CO[0]
    SLICE_X28Y56         LUT5 (Prop_lut5_I2_O)        0.118     8.416 r  grp_fd_bb_slbb_Pipeline_VITIS_LOOP_508_16_fu_1282/ram_reg_i_52/O
                         net (fo=1, routed)           0.455     8.871    grp_fd_bb_slbb_Pipeline_VITIS_LOOP_508_16_fu_1282/ram_reg_i_52_n_2
    SLICE_X30Y56         LUT6 (Prop_lut6_I0_O)        0.326     9.197 r  grp_fd_bb_slbb_Pipeline_VITIS_LOOP_508_16_fu_1282/ram_reg_i_2/O
                         net (fo=1, routed)           0.827    10.025    b_surv_tokens_1_U/b_surv_tokens_1_we1
    RAMB18_X1Y19         RAMB18E1                                     r  b_surv_tokens_1_U/ram_reg/ENBWREN
  -------------------------------------------------------------------    -------------------

                         (clock ap_clk rise edge)    10.000    10.000 r  
                                                      0.000    10.000 r  ap_clk (IN)
                         net (fo=4477, unset)         0.924    10.924    b_surv_tokens_1_U/ap_clk
    RAMB18_X1Y19         RAMB18E1                                     r  b_surv_tokens_1_U/ram_reg/CLKBWRCLK
                         clock pessimism              0.000    10.924    
                         clock uncertainty           -0.035    10.889    
    RAMB18_X1Y19         RAMB18E1 (Setup_ramb18e1_CLKBWRCLK_ENBWREN)
                                                     -0.443    10.446    b_surv_tokens_1_U/ram_reg
  -------------------------------------------------------------------
                         required time                         10.446    
                         arrival time                         -10.025    
  -------------------------------------------------------------------
                         slack                                  0.421    





Min Delay Paths
--------------------------------------------------------------------------------------
Slack (MET) :             0.107ns  (arrival time - required time)
  Source:                 t_49_reg_830_reg[7]/C
                            (rising edge-triggered cell FDRE clocked by ap_clk  {rise@0.000ns fall@5.000ns period=10.000ns})
  Destination:            t_31_reg_713_reg[7]/D
                            (rising edge-triggered cell FDRE clocked by ap_clk  {rise@0.000ns fall@5.000ns period=10.000ns})
  Path Group:             ap_clk
  Path Type:              Hold (Min at Fast Process Corner)
  Requirement:            0.000ns  (ap_clk rise@0.000ns - ap_clk rise@0.000ns)
  Data Path Delay:        0.249ns  (logic 0.186ns (74.636%)  route 0.063ns (25.364%))
  Logic Levels:           1  (LUT5=1)
  Clock Path Skew:        0.022ns (DCD - SCD - CPR)
    Destination Clock Delay (DCD):    0.432ns
    Source Clock Delay      (SCD):    0.410ns
    Clock Pessimism Removal (CPR):    -0.000ns

    Location             Delay type                Incr(ns)  Path(ns)    Netlist Resource(s)
  -------------------------------------------------------------------    -------------------
                         (clock ap_clk rise edge)     0.000     0.000 r  
                                                      0.000     0.000 r  ap_clk (IN)
                         net (fo=4477, unset)         0.410     0.410    ap_clk
    SLICE_X63Y52         FDRE                                         r  t_49_reg_830_reg[7]/C
  -------------------------------------------------------------------    -------------------
    SLICE_X63Y52         FDRE (Prop_fdre_C_Q)         0.141     0.551 r  t_49_reg_830_reg[7]/Q
                         net (fo=2, routed)           0.063     0.614    frontier_stack_U/t_31_reg_713_reg[15]_1[7]
    SLICE_X62Y52         LUT5 (Prop_lut5_I4_O)        0.045     0.659 r  frontier_stack_U/t_31_reg_713[7]_i_1/O
                         net (fo=1, routed)           0.000     0.659    frontier_stack_U_n_55
    SLICE_X62Y52         FDRE                                         r  t_31_reg_713_reg[7]/D
  -------------------------------------------------------------------    -------------------

                         (clock ap_clk rise edge)     0.000     0.000 r  
                                                      0.000     0.000 r  ap_clk (IN)
                         net (fo=4477, unset)         0.432     0.432    ap_clk
    SLICE_X62Y52         FDRE                                         r  t_31_reg_713_reg[7]/C
                         clock pessimism              0.000     0.432    
    SLICE_X62Y52         FDRE (Hold_fdre_C_D)         0.121     0.553    t_31_reg_713_reg[7]
  -------------------------------------------------------------------
                         required time                         -0.553    
                         arrival time                           0.659    
  -------------------------------------------------------------------
                         slack                                  0.107    





Pulse Width Checks
--------------------------------------------------------------------------------------
Clock Name:         ap_clk
Waveform(ns):       { 0.000 5.000 }
Period(ns):         10.000
Sources:            { ap_clk }

Check Type        Corner  Lib Pin      Reference Pin  Required(ns)  Actual(ns)  Slack(ns)  Location      Pin
Min Period        n/a     DSP48E1/CLK  n/a            3.884         10.000      6.116      DSP48_X2Y34   mul_32ns_17ns_49_2_1_U86/dout_reg/CLK
Low Pulse Width   Slow    RAMD32/CLK   n/a            1.250         5.000       3.750      SLICE_X42Y39  cur_cbwd_U/ram_reg_0_31_0_5/RAMA/CLK
High Pulse Width  Slow    RAMD32/CLK   n/a            1.250         5.000       3.750      SLICE_X42Y39  cur_cbwd_U/ram_reg_0_31_0_5/RAMA/CLK



